TRUE         line 1 cols 1-4 is T_Identifier 
FALSE        line 3 cols 1-5 is T_Identifier 
