True         line 1 cols 1-4 is T_Identifier 
False        line 3 cols 1-5 is T_Identifier 
