Switch       line 1 cols 1-6 is T_Identifier 
Case         line 2 cols 1-4 is T_Identifier 
Default      line 3 cols 1-7 is T_Identifier 
switch       line 5 cols 1-6 is T_Switch 
(            line 5 cols 8-8 is '(' 
x            line 5 cols 9-9 is T_Identifier 
)            line 5 cols 10-10 is ')' 
{            line 5 cols 12-12 is '{' 
