int          line 1 cols 1-3 is T_Int 
x            line 1 cols 5-5 is T_Identifier 
=            line 1 cols 6-6 is '=' 
5            line 1 cols 7-7 is T_IntConstant (value = 5)
;            line 1 cols 8-8 is ';' 
int          line 2 cols 1-3 is T_Int 
y            line 2 cols 5-5 is T_Identifier 
=            line 2 cols 6-6 is '=' 
6            line 2 cols 7-7 is T_IntConstant (value = 6)
;            line 2 cols 8-8 is ';' 
int          line 3 cols 1-3 is T_Int 
z            line 3 cols 5-5 is T_Identifier 
=            line 3 cols 7-7 is '=' 
x            line 3 cols 9-9 is T_Identifier 
--           line 3 cols 11-12 is T_Dec 
y            line 3 cols 14-14 is T_Identifier 
;            line 3 cols 15-15 is ';' 
