do           line 1 cols 1-2 is T_Do 
;            line 1 cols 3-3 is ';' 
