false        line 1 cols 1-5 is T_BoolConstant (value = false)
