int          line 1 cols 1-3 is T_Int 
x            line 1 cols 5-5 is T_Identifier 
=            line 1 cols 6-6 is '=' 
5            line 1 cols 7-7 is T_IntConstant (value = 5)
;            line 1 cols 8-8 is ';' 
++           line 2 cols 1-2 is T_Inc 
x            line 2 cols 3-3 is T_Identifier 
;            line 2 cols 4-4 is ';' 
