ThisIsAnIdentifier line 1 cols 1-18 is T_Identifier 
