true         line 1 cols 1-4 is T_BoolConstant (value = true)
